// Vitest Snapshot v1, https://vitest.dev/guide/snapshot.html

exports[`convertSearchParamsToQueryObject > correctly converts URLSearchParams to object 1`] = `
{
  "__khulnasoft_editing__": "true",
  "abc": "klfdjklgfds",
  "khulnasoft.cachebust": "true",
  "khulnasoft.noCache": "true",
  "khulnasoft.overrides.037948e52eaf4743afed464f02c70da4": "037948e52eaf4743afed464f02c70da4",
  "khulnasoft.overrides.page": "037948e52eaf4743afed464f02c70da4",
  "khulnasoft.overrides.page:/": "037948e52eaf4743afed464f02c70da4",
  "khulnasoft.preview": "page",
  "preview_theme_id": "128854393017",
  "someotherValue": "jklsjfdal",
}
`;
