// Jest Snapshot v1, https://goo.gl/fbAQLP

exports[`Image Amp image 1`] = `
<div
  className="khulnasoft-component "
  data-name="page"
  data-source="Rendered by Khulnasoft.com"
  onClick={[Function]}
>
  <div
    khulnasoft-model="page"
    className="khulnasoft-content"
    onClick={[Function]}
  >
    <div
      data-khulnasoft-component="page"
    >
      
      <div
        khulnasoft-type="blocks"
        className="khulnasoft-blocks css-h47494"
        onClick={[Function]}
      >
        <div
          khulnasoft-id="khulnasoft-1234"
          className="khulnasoft-block khulnasoft-1234 css-5gq5mq"
          style={Object {}}
        >
          <amp-img
            className="khulnasoft-image css-yue2ks"
            layout="responsive"
            loading="lazy"
            role="presentation"
            src="https://cdn.shopify.com/s/files/1/0374/6457/2041/products/valerie-elash-o1Ic6JdypmA-unsplash.jpg?v=1592506853"
            srcSet="//cdn.shopify.com/s/files/1/0374/6457/2041/products/valerie-elash-o1Ic6JdypmA-unsplash_100x100.jpg?v=1592506853 100w, //cdn.shopify.com/s/files/1/0374/6457/2041/products/valerie-elash-o1Ic6JdypmA-unsplash_200x200.jpg?v=1592506853 200w, //cdn.shopify.com/s/files/1/0374/6457/2041/products/valerie-elash-o1Ic6JdypmA-unsplash_400x400.jpg?v=1592506853 400w, //cdn.shopify.com/s/files/1/0374/6457/2041/products/valerie-elash-o1Ic6JdypmA-unsplash_800x800.jpg?v=1592506853 800w, //cdn.shopify.com/s/files/1/0374/6457/2041/products/valerie-elash-o1Ic6JdypmA-unsplash_1200x1200.jpg?v=1592506853 1200w, //cdn.shopify.com/s/files/1/0374/6457/2041/products/valerie-elash-o1Ic6JdypmA-unsplash_1600x1600.jpg?v=1592506853 1600w, //cdn.shopify.com/s/files/1/0374/6457/2041/products/valerie-elash-o1Ic6JdypmA-unsplash_2000x2000.jpg?v=1592506853 2000w, https://cdn.shopify.com/s/files/1/0374/6457/2041/products/valerie-elash-o1Ic6JdypmA-unsplash.jpg?v=1592506853"
          />
        </div>
        <img
          aria-hidden="true"
          khulnasoft-id="khulnasoft-pixel-4fzzzxjylrx"
          className="khulnasoft-block khulnasoft-pixel-4fzzzxjylrx css-1mvsfya"
          role="presentation"
          src="https://cdn.khulnasoft.com/api/v1/pixel?apiKey=null"
          style={Object {}}
        />
      </div>
    </div>
  </div>
</div>
`;

exports[`Image Khulnasoft image url 1`] = `
<picture>
  <source
    srcSet="https://cdn.khulnasoft.com/api/v1/image/assets%2FYJIGb4i01jvw0SRdL5Bt%2F755c131471fb49ab91dc0bdc45bc85b5?format=webp&width=100 100w, https://cdn.khulnasoft.com/api/v1/image/assets%2FYJIGb4i01jvw0SRdL5Bt%2F755c131471fb49ab91dc0bdc45bc85b5?format=webp&width=200 200w, https://cdn.khulnasoft.com/api/v1/image/assets%2FYJIGb4i01jvw0SRdL5Bt%2F755c131471fb49ab91dc0bdc45bc85b5?format=webp&width=400 400w, https://cdn.khulnasoft.com/api/v1/image/assets%2FYJIGb4i01jvw0SRdL5Bt%2F755c131471fb49ab91dc0bdc45bc85b5?format=webp&width=800 800w, https://cdn.khulnasoft.com/api/v1/image/assets%2FYJIGb4i01jvw0SRdL5Bt%2F755c131471fb49ab91dc0bdc45bc85b5?format=webp&width=1200 1200w, https://cdn.khulnasoft.com/api/v1/image/assets%2FYJIGb4i01jvw0SRdL5Bt%2F755c131471fb49ab91dc0bdc45bc85b5?format=webp&width=1600 1600w, https://cdn.khulnasoft.com/api/v1/image/assets%2FYJIGb4i01jvw0SRdL5Bt%2F755c131471fb49ab91dc0bdc45bc85b5?format=webp&width=2000 2000w, https://cdn.khulnasoft.com/api/v1/image/assets%2FYJIGb4i01jvw0SRdL5Bt%2F755c131471fb49ab91dc0bdc45bc85b5?format=webp&width=1003 1003w"
    type="image/webp"
  />
  <style
    dangerouslySetInnerHTML={
      Object {
        "__html": ".css-2qdlcf{opacity:1;-webkit-transition:opacity 0.2s ease-in-out;transition:opacity 0.2s ease-in-out;object-fit:cover;object-position:center;}",
      }
    }
    data-emotion-css="2qdlcf"
  />
  <img
    className="khulnasoft-image css-2qdlcf"
    loading="lazy"
    onLoad={[Function]}
    role="presentation"
    src="https://cdn.khulnasoft.com/api/v1/image/assets%2FYJIGb4i01jvw0SRdL5Bt%2F755c131471fb49ab91dc0bdc45bc85b5?width=1003"
    srcSet="https://cdn.khulnasoft.com/api/v1/image/assets%2FYJIGb4i01jvw0SRdL5Bt%2F755c131471fb49ab91dc0bdc45bc85b5?width=100 100w, https://cdn.khulnasoft.com/api/v1/image/assets%2FYJIGb4i01jvw0SRdL5Bt%2F755c131471fb49ab91dc0bdc45bc85b5?width=200 200w, https://cdn.khulnasoft.com/api/v1/image/assets%2FYJIGb4i01jvw0SRdL5Bt%2F755c131471fb49ab91dc0bdc45bc85b5?width=400 400w, https://cdn.khulnasoft.com/api/v1/image/assets%2FYJIGb4i01jvw0SRdL5Bt%2F755c131471fb49ab91dc0bdc45bc85b5?width=800 800w, https://cdn.khulnasoft.com/api/v1/image/assets%2FYJIGb4i01jvw0SRdL5Bt%2F755c131471fb49ab91dc0bdc45bc85b5?width=1200 1200w, https://cdn.khulnasoft.com/api/v1/image/assets%2FYJIGb4i01jvw0SRdL5Bt%2F755c131471fb49ab91dc0bdc45bc85b5?width=1600 1600w, https://cdn.khulnasoft.com/api/v1/image/assets%2FYJIGb4i01jvw0SRdL5Bt%2F755c131471fb49ab91dc0bdc45bc85b5?width=2000 2000w, https://cdn.khulnasoft.com/api/v1/image/assets%2FYJIGb4i01jvw0SRdL5Bt%2F755c131471fb49ab91dc0bdc45bc85b5?width=1003 1003w"
  />
</picture>
`;

exports[`Image Khulnasoft image url with width 1`] = `
<picture>
  <source
    srcSet="https://cdn.khulnasoft.com/api/v1/image/assets%2FYJIGb4i01jvw0SRdL5Bt%2F755c131471fb49ab91dc0bdc45bc85b5?format=webp&width=100 100w, https://cdn.khulnasoft.com/api/v1/image/assets%2FYJIGb4i01jvw0SRdL5Bt%2F755c131471fb49ab91dc0bdc45bc85b5?format=webp&width=200 200w, https://cdn.khulnasoft.com/api/v1/image/assets%2FYJIGb4i01jvw0SRdL5Bt%2F755c131471fb49ab91dc0bdc45bc85b5?format=webp&width=400 400w, https://cdn.khulnasoft.com/api/v1/image/assets%2FYJIGb4i01jvw0SRdL5Bt%2F755c131471fb49ab91dc0bdc45bc85b5?format=webp&width=800 800w, https://cdn.khulnasoft.com/api/v1/image/assets%2FYJIGb4i01jvw0SRdL5Bt%2F755c131471fb49ab91dc0bdc45bc85b5?format=webp&width=1200 1200w, https://cdn.khulnasoft.com/api/v1/image/assets%2FYJIGb4i01jvw0SRdL5Bt%2F755c131471fb49ab91dc0bdc45bc85b5?format=webp&width=1600 1600w, https://cdn.khulnasoft.com/api/v1/image/assets%2FYJIGb4i01jvw0SRdL5Bt%2F755c131471fb49ab91dc0bdc45bc85b5?format=webp&width=2000 2000w, https://cdn.khulnasoft.com/api/v1/image/assets%2FYJIGb4i01jvw0SRdL5Bt%2F755c131471fb49ab91dc0bdc45bc85b5?format=webp&width=1003 1003w"
    type="image/webp"
  />
  <style
    dangerouslySetInnerHTML={
      Object {
        "__html": ".css-2qdlcf{opacity:1;-webkit-transition:opacity 0.2s ease-in-out;transition:opacity 0.2s ease-in-out;object-fit:cover;object-position:center;}",
      }
    }
    data-emotion-css="2qdlcf"
  />
  <img
    className="khulnasoft-image css-2qdlcf"
    loading="lazy"
    onLoad={[Function]}
    role="presentation"
    src="https://cdn.khulnasoft.com/api/v1/image/assets%2FYJIGb4i01jvw0SRdL5Bt%2F755c131471fb49ab91dc0bdc45bc85b5?width=1003"
    srcSet="https://cdn.khulnasoft.com/api/v1/image/assets%2FYJIGb4i01jvw0SRdL5Bt%2F755c131471fb49ab91dc0bdc45bc85b5?width=100 100w, https://cdn.khulnasoft.com/api/v1/image/assets%2FYJIGb4i01jvw0SRdL5Bt%2F755c131471fb49ab91dc0bdc45bc85b5?width=200 200w, https://cdn.khulnasoft.com/api/v1/image/assets%2FYJIGb4i01jvw0SRdL5Bt%2F755c131471fb49ab91dc0bdc45bc85b5?width=400 400w, https://cdn.khulnasoft.com/api/v1/image/assets%2FYJIGb4i01jvw0SRdL5Bt%2F755c131471fb49ab91dc0bdc45bc85b5?width=800 800w, https://cdn.khulnasoft.com/api/v1/image/assets%2FYJIGb4i01jvw0SRdL5Bt%2F755c131471fb49ab91dc0bdc45bc85b5?width=1200 1200w, https://cdn.khulnasoft.com/api/v1/image/assets%2FYJIGb4i01jvw0SRdL5Bt%2F755c131471fb49ab91dc0bdc45bc85b5?width=1600 1600w, https://cdn.khulnasoft.com/api/v1/image/assets%2FYJIGb4i01jvw0SRdL5Bt%2F755c131471fb49ab91dc0bdc45bc85b5?width=2000 2000w, https://cdn.khulnasoft.com/api/v1/image/assets%2FYJIGb4i01jvw0SRdL5Bt%2F755c131471fb49ab91dc0bdc45bc85b5?width=1003 1003w"
  />
</picture>
`;

exports[`Image Lazy load 1`] = `
<picture>
  <source
    srcSet="https://cdn.khulnasoft.com/api/v1/image/assets%2FYJIGb4i01jvw0SRdL5Bt%2F755c131471fb49ab91dc0bdc45bc85b5?format=webp&width=100 100w, https://cdn.khulnasoft.com/api/v1/image/assets%2FYJIGb4i01jvw0SRdL5Bt%2F755c131471fb49ab91dc0bdc45bc85b5?format=webp&width=200 200w, https://cdn.khulnasoft.com/api/v1/image/assets%2FYJIGb4i01jvw0SRdL5Bt%2F755c131471fb49ab91dc0bdc45bc85b5?format=webp&width=400 400w, https://cdn.khulnasoft.com/api/v1/image/assets%2FYJIGb4i01jvw0SRdL5Bt%2F755c131471fb49ab91dc0bdc45bc85b5?format=webp&width=800 800w, https://cdn.khulnasoft.com/api/v1/image/assets%2FYJIGb4i01jvw0SRdL5Bt%2F755c131471fb49ab91dc0bdc45bc85b5?format=webp&width=1200 1200w, https://cdn.khulnasoft.com/api/v1/image/assets%2FYJIGb4i01jvw0SRdL5Bt%2F755c131471fb49ab91dc0bdc45bc85b5?format=webp&width=1600 1600w, https://cdn.khulnasoft.com/api/v1/image/assets%2FYJIGb4i01jvw0SRdL5Bt%2F755c131471fb49ab91dc0bdc45bc85b5?format=webp&width=2000 2000w, https://cdn.khulnasoft.com/api/v1/image/assets%2FYJIGb4i01jvw0SRdL5Bt%2F755c131471fb49ab91dc0bdc45bc85b5?format=webp&width=1003 1003w"
    type="image/webp"
  />
</picture>
`;

exports[`Image Shopify image url 1`] = `
<picture>
  <style
    dangerouslySetInnerHTML={
      Object {
        "__html": ".css-2qdlcf{opacity:1;-webkit-transition:opacity 0.2s ease-in-out;transition:opacity 0.2s ease-in-out;object-fit:cover;object-position:center;}",
      }
    }
    data-emotion-css="2qdlcf"
  />
  <img
    className="khulnasoft-image css-2qdlcf"
    loading="lazy"
    onLoad={[Function]}
    role="presentation"
    src="https://cdn.shopify.com/s/files/1/0374/6457/2041/products/valerie-elash-o1Ic6JdypmA-unsplash.jpg?v=1592506853"
    srcSet="//cdn.shopify.com/s/files/1/0374/6457/2041/products/valerie-elash-o1Ic6JdypmA-unsplash_100x100.jpg?v=1592506853 100w, //cdn.shopify.com/s/files/1/0374/6457/2041/products/valerie-elash-o1Ic6JdypmA-unsplash_200x200.jpg?v=1592506853 200w, //cdn.shopify.com/s/files/1/0374/6457/2041/products/valerie-elash-o1Ic6JdypmA-unsplash_400x400.jpg?v=1592506853 400w, //cdn.shopify.com/s/files/1/0374/6457/2041/products/valerie-elash-o1Ic6JdypmA-unsplash_800x800.jpg?v=1592506853 800w, //cdn.shopify.com/s/files/1/0374/6457/2041/products/valerie-elash-o1Ic6JdypmA-unsplash_1200x1200.jpg?v=1592506853 1200w, //cdn.shopify.com/s/files/1/0374/6457/2041/products/valerie-elash-o1Ic6JdypmA-unsplash_1600x1600.jpg?v=1592506853 1600w, //cdn.shopify.com/s/files/1/0374/6457/2041/products/valerie-elash-o1Ic6JdypmA-unsplash_2000x2000.jpg?v=1592506853 2000w, https://cdn.shopify.com/s/files/1/0374/6457/2041/products/valerie-elash-o1Ic6JdypmA-unsplash.jpg?v=1592506853"
  />
</picture>
`;

exports[`Image with responsive styles 1`] = `
<div
  className="khulnasoft-component "
  data-name="page"
  data-source="Rendered by Khulnasoft.com"
  onClick={[Function]}
>
  <div
    khulnasoft-model="page"
    className="khulnasoft-content"
    onClick={[Function]}
  >
    <div
      data-khulnasoft-component="page"
    >
      
      <div
        khulnasoft-type="blocks"
        className="khulnasoft-blocks css-h47494"
        onClick={[Function]}
      >
        <div
          khulnasoft-id="khulnasoft-1234"
          className="khulnasoft-block khulnasoft-1234 css-5gq5mq"
          style={Object {}}
        >
          <picture>
            <img
              className="khulnasoft-image css-2qdlcf"
              loading="lazy"
              onLoad={[Function]}
              role="presentation"
              sizes="(max-width: 991px) 100vw, 345px"
              src="https://cdn.shopify.com/s/files/1/0374/6457/2041/products/valerie-elash-o1Ic6JdypmA-unsplash.jpg?v=1592506853"
              srcSet="//cdn.shopify.com/s/files/1/0374/6457/2041/products/valerie-elash-o1Ic6JdypmA-unsplash_100x100.jpg?v=1592506853 100w, //cdn.shopify.com/s/files/1/0374/6457/2041/products/valerie-elash-o1Ic6JdypmA-unsplash_200x200.jpg?v=1592506853 200w, //cdn.shopify.com/s/files/1/0374/6457/2041/products/valerie-elash-o1Ic6JdypmA-unsplash_400x400.jpg?v=1592506853 400w, //cdn.shopify.com/s/files/1/0374/6457/2041/products/valerie-elash-o1Ic6JdypmA-unsplash_800x800.jpg?v=1592506853 800w, //cdn.shopify.com/s/files/1/0374/6457/2041/products/valerie-elash-o1Ic6JdypmA-unsplash_1200x1200.jpg?v=1592506853 1200w, //cdn.shopify.com/s/files/1/0374/6457/2041/products/valerie-elash-o1Ic6JdypmA-unsplash_1600x1600.jpg?v=1592506853 1600w, //cdn.shopify.com/s/files/1/0374/6457/2041/products/valerie-elash-o1Ic6JdypmA-unsplash_2000x2000.jpg?v=1592506853 2000w, https://cdn.shopify.com/s/files/1/0374/6457/2041/products/valerie-elash-o1Ic6JdypmA-unsplash.jpg?v=1592506853"
            />
          </picture>
        </div>
        <img
          aria-hidden="true"
          khulnasoft-id="khulnasoft-pixel-4fzzzxjylrx"
          className="khulnasoft-block khulnasoft-pixel-4fzzzxjylrx css-1mvsfya"
          role="presentation"
          src="https://cdn.khulnasoft.com/api/v1/pixel?apiKey=null"
          style={Object {}}
        />
      </div>
    </div>
  </div>
</div>
`;

exports[`Image with sizes, srcset, and alt 1`] = `
<picture>
  <source
    srcSet="https://cdn.khulnasoft.com/api/v1/image/assets%2FYJIGb4i01jvw0SRdL5Bt%2F755c131471fb49ab91dc0bdc45bc85b5?format=webp&width=100 100w, https://cdn.khulnasoft.com/api/v1/image/assets%2FYJIGb4i01jvw0SRdL5Bt%2F755c131471fb49ab91dc0bdc45bc85b5?format=webp&width=200 200w, https://cdn.khulnasoft.com/api/v1/image/assets%2FYJIGb4i01jvw0SRdL5Bt%2F755c131471fb49ab91dc0bdc45bc85b5?format=webp&width=400 400w, https://cdn.khulnasoft.com/api/v1/image/assets%2FYJIGb4i01jvw0SRdL5Bt%2F755c131471fb49ab91dc0bdc45bc85b5?format=webp&width=800 800w, https://cdn.khulnasoft.com/api/v1/image/assets%2FYJIGb4i01jvw0SRdL5Bt%2F755c131471fb49ab91dc0bdc45bc85b5?format=webp&width=1200 1200w, https://cdn.khulnasoft.com/api/v1/image/assets%2FYJIGb4i01jvw0SRdL5Bt%2F755c131471fb49ab91dc0bdc45bc85b5?format=webp&width=1600 1600w, https://cdn.khulnasoft.com/api/v1/image/assets%2FYJIGb4i01jvw0SRdL5Bt%2F755c131471fb49ab91dc0bdc45bc85b5?format=webp&width=2000 2000w, https://cdn.khulnasoft.com/api/v1/image/assets%2FYJIGb4i01jvw0SRdL5Bt%2F755c131471fb49ab91dc0bdc45bc85b5?format=webp&width=1003 1003w"
    type="image/webp"
  />
  <style
    dangerouslySetInnerHTML={
      Object {
        "__html": ".css-2qdlcf{opacity:1;-webkit-transition:opacity 0.2s ease-in-out;transition:opacity 0.2s ease-in-out;object-fit:cover;object-position:center;}",
      }
    }
    data-emotion-css="2qdlcf"
  />
  <img
    alt="this great image"
    className="khulnasoft-image css-2qdlcf"
    loading="lazy"
    onLoad={[Function]}
    sizes="(max-width: 600px) 67vw, 92vw"
    src="https://cdn.khulnasoft.com/api/v1/image/assets%2FYJIGb4i01jvw0SRdL5Bt%2F755c131471fb49ab91dc0bdc45bc85b5?width=1003"
    srcSet="https://cdn.khulnasoft.com/api/v1/image/assets%2FYJIGb4i01jvw0SRdL5Bt%2F755c131471fb49ab91dc0bdc45bc85b5?width=100 100w, https://cdn.khulnasoft.com/api/v1/image/assets%2FYJIGb4i01jvw0SRdL5Bt%2F755c131471fb49ab91dc0bdc45bc85b5?width=200 200w, https://cdn.khulnasoft.com/api/v1/image/assets%2FYJIGb4i01jvw0SRdL5Bt%2F755c131471fb49ab91dc0bdc45bc85b5?width=400 400w, https://cdn.khulnasoft.com/api/v1/image/assets%2FYJIGb4i01jvw0SRdL5Bt%2F755c131471fb49ab91dc0bdc45bc85b5?width=800 800w, https://cdn.khulnasoft.com/api/v1/image/assets%2FYJIGb4i01jvw0SRdL5Bt%2F755c131471fb49ab91dc0bdc45bc85b5?width=1200 1200w, https://cdn.khulnasoft.com/api/v1/image/assets%2FYJIGb4i01jvw0SRdL5Bt%2F755c131471fb49ab91dc0bdc45bc85b5?width=1600 1600w, https://cdn.khulnasoft.com/api/v1/image/assets%2FYJIGb4i01jvw0SRdL5Bt%2F755c131471fb49ab91dc0bdc45bc85b5?width=2000 2000w, https://cdn.khulnasoft.com/api/v1/image/assets%2FYJIGb4i01jvw0SRdL5Bt%2F755c131471fb49ab91dc0bdc45bc85b5?width=1003 1003w"
  />
</picture>
`;
