// Vitest Snapshot v1, https://vitest.dev/guide/snapshot.html

exports[`Get Khulnasoft SearchParams > correctly extracts all khulnasoft params from a query object 1`] = `
{
  "cachebust": "true",
  "noCache": "true",
  "overrides.037948e52eaf4743afed464f02c70da4": "037948e52eaf4743afed464f02c70da4",
  "overrides.page": "037948e52eaf4743afed464f02c70da4",
  "overrides.page:/": "037948e52eaf4743afed464f02c70da4",
  "preview": "page",
}
`;
