// Jest Snapshot v1, https://goo.gl/fbAQLP

exports[`Condition renders snapshot correctly 1`] = `"{\\"type\\":\\"div\\",\\"props\\":{\\"style\\":{},\\"className\\":\\"khulnasoft-block  khulnasoft-has-component css-0\\",\\"khulnasoft-id\\":\\"\\"},\\"children\\":[{\\"type\\":\\"span\\",\\"props\\":{\\"className\\":\\"khulnasoft-text css-1qggkls\\",\\"dangerouslySetInnerHTML\\":{\\"__html\\":\\"C\\"}},\\"children\\":null}]}"`;
