// Jest Snapshot v1, https://goo.gl/fbAQLP

exports[`Condition renders snapshot correctly 1`] = `
Object {
  "falsy": "{\\"type\\":\\"span\\",\\"props\\":{\\"style\\":{},\\"className\\":\\"khulnasoft-block khulnasoft-random2 inelese css-0\\",\\"khulnasoft-id\\":\\"khulnasoft-random2\\"},\\"children\\":[{\\"type\\":\\"div\\",\\"props\\":{\\"style\\":{},\\"className\\":\\"khulnasoft-block  khulnasoft-has-component css-0\\",\\"khulnasoft-id\\":\\"\\"},\\"children\\":[{\\"type\\":\\"span\\",\\"props\\":{\\"className\\":\\"khulnasoft-text css-1qggkls\\",\\"dangerouslySetInnerHTML\\":{\\"__html\\":\\"Should be under a  span\\"}},\\"children\\":null}]}]}",
  "truthy": "{\\"type\\":\\"a\\",\\"props\\":{\\"style\\":{},\\"className\\":\\"khulnasoft-block khulnasoft-random1 css-0\\",\\"khulnasoft-id\\":\\"khulnasoft-random1\\"},\\"children\\":[{\\"type\\":\\"div\\",\\"props\\":{\\"style\\":{},\\"className\\":\\"khulnasoft-block  khulnasoft-has-component css-0\\",\\"khulnasoft-id\\":\\"\\"},\\"children\\":[{\\"type\\":\\"span\\",\\"props\\":{\\"className\\":\\"khulnasoft-text css-1qggkls\\",\\"dangerouslySetInnerHTML\\":{\\"__html\\":\\"Should be a under a link\\"}},\\"children\\":null}]}]}",
}
`;
